Accountant
Acrobat
Actor
Actuary
Administrator
Advocate
Aerospace engineer
Agent
Agronomist
Air traffic controller
Airman
Alchemist
Ambassador
Anesthesiologist
Analyst
Anarchist
Animal trainer
Animator
Anthropologist
Apiarist
Arborist
Archbishop
Archer
Archaeologist
Architect
Archivist
Armourer
Art director
Art therapist
Artist
Assassin
Assessor
Astrologer
Astronaut
Astronomer
Astrophysicist
Athlete
Attorney at law
Audiologist
Auditor
Author
Autopsy Surgeon
Aviator
Background artist
Bacteriologist
Bailiff
Baker
Balloonist
Bandit
Banker
Bank teller
Barber
Bartender
Barkeeper
Barman
Barmaid
Barista
Basketmaker
Basketweaver
Bassist
Bassoonist
Beader
Beadle
Beautician
Beekeeper
Bellhop
Bellmaker
Bellman
Biochemist
Bioengineer
Biographer
Biologist
Biomedical scientist
Bishop
Boatswain
Bodybuilder
Bodyguard
Bookkeeper
Bookseller
Botanist
Broker
Builder
Business analyst
Business owner
Businessman
Businessperson
Businesswoman
Butler
Cab driver
Cabinet-maker
Caddy
Calligrapher
Call girl
Cameraman
Camp Counselor
Cannoneer
Captain
Cardinal
Car designer
Cardiologist
Carpenter
Cartographer
Cartoonist
Cashier
Cellist
Censor
CEO
Chief Executive Officer
CFO
Chief Financial Officer
Chandler
Cheerleader
Cheesemaker
Chef
cook
Chemical Engineer
Chemical Technologist
Chemist
Chess player
Chicken sexer
Chief of Police
Chief Mate
Chimney-sweeper
Chiropodist
Doctor of Chiropractic
Choreographer
Church usher
CIA Agent
Circuit preacher
Civil servant
Civil engineer
Clarinetist
Cleaner
Clerk
Climber
Clockmaker
Clown
Coach
Coachman
Coast guard
Cobbler
Cofferer
Cognitive scientist
Coiner
Collector
College president
Columnist
Comedian
Compasssmith
Composer
Computer engineer
Computer programmer
Con artist
Concierge
Conductor
Conductor
Confectioner
Conferencier
Congressman
Constable
Construction engineer
Construction manager
Construction worker
Consul
Consultant
Contract Manager
Controller
Copyist
Cooper
Coppersmith
Copywriter
Cordwainer
Coroner
Corporate executive officer
Correctional Officer
Corrector
Correspondent
Cosmetologist
Cosmonaut
Costermonger
Courier
Court jester
Cowboy
Cowherd
Cowherd
CPA
Certified Public Accountant
Craftsman
Craftswoman
Cricketer
Creative engineering
Crier
Crofter
Crossbowyer
Crocodile Hunter
Cryptographer
Crystallographer
Curator
Currier
Custodian
Customs officer
Cutler
Cyberathlete
Dancer
Database administrator
DBA
Deputy
Demographer
Demolitionist
Dentist
Dermatologist
Designer
Detective
Dictator
Dietician
Diplomat
Director
Disc jockey
Dispatcher
Distiller
Diver
Dock labourer
Documentalist
Doctor
PhD
Doctor
MD
Doctor of Physical Therapy
Dog breeder
Dogcatcher
Dog walker
Domestic worker
Dominatrix
Doorman
Draftsman
Dramatist
Dramaturg
Draper
Drayman
Dressmaker
Drill instructor
Driver
Drug dealer
Drummer
Drycooper
Drywaller
Dustman
Dyer
Ecologist
Economist
Editor
Educationalist
Educator
Egyptologist
Electrical engineer
Electrician
Elevator Mechanic
Embalmer
Embryologist
Emergency Medical Technician
EMT
Engine-driver
Engineer
Engraver
Enologist
Entertainer
Entomologist
Entrepreneur
Environmental scientist
Ergonomist
Escort
Estate Agent
Esthetician
Ethnologist
Ethologist
Etymologist
Evangelist
Examiner
Exchequer
Executioner
Executive
Executor
Exotic dancer
Explorer
Expressman
Exterminator
Extra
Falconer
Farmer
Farrier
Fashion designer
FBI Agent
Fellmonger
Fence
Ferryman
Film director
Film producer
Financial adviser
Financial analyst
Financial manager
Financial planner
Financier
Fire marshal
Fire officer
Firefighter
First Mate
Fishmonger
Fisherman
Fitter
Flautist
Flavorist
Fletcher
Flight attendant
Flight engineer
Flight instructor
Floor manager
Florist
Fluffer
Flutist
Footballer
Footman
Foreman
Forensic scientist
Forester
Fortune-teller
Fraudster
Friar
Fruiterer
Furrier
Furniture tester
Gamekeeper
Game show host
Game designer
Gamer
Garbage collector
Gardener
Gate-keeper
Gemcutter
Genealogist
General
Geodesist
Geographer
Geologist
Geometer
Geophysicist
Gigolo
Gladiator
Glassblower
Glassmaker
Glazier
Glover
Goatherd
Gofer
Goldsmith
Gondolier
Governess
Government agent
Governor
Grammarian
Graphic artist
Gravedigger
Grenadier
Greengrocer
Grocer
Groom (horses)
Guardian ad litem
Guide
Guitarist
Gunsmith
Guru
Gynecologist
Haberdasher
Harpist
Hairdresser
Handyman
Harper
Hatter
Hayward
Headmaster
Headmistress
Herald
Herbalist
Herder
Historian
Historiographer
Hit Man
Hosier
Horse trainer
Hotelier
House painter
Housewife
Hunter
Hydraulic engineer
Hypnotist
Illuminator
Illusionist
Illustrator
Imam
Impersonator
Importer
Industrial designer
Industrial engineer
Industrialist
Infantryman
Information Architect
Information Technologist
Inker
Innkeeper
Instructor
Insurer
Intelligence officer
Interior designer
Internist
Interpreter
Interrogator
Inventor
Investigator
Investment analyst
Investment banker
Investment broker
Ironmonger
Ironmaster
Ironworker
Janitor
Jeweler
Joiner
Journalist
Judge
Juggler
Jurist
Kinesiologist
Kennel attendant
Laborer
Landlord
Landlady
Landscaper
Lamplighter
Laundress
Lavendar
Law enforcement agent
Lawyer
Leadworker
Leatherer
Lecturer
Level designer
Mapper
Librarian
Librettist
Lifeguard
Lighthouse-keeper
Lighting technician
Linesman
Linguist
Loan officer
Lobbyist
Locksmith
Logistician
Lumberjack
Lyricist
Magazine Editor
Magician
Magistrate
Maid
Mailman or Mail carrier
Make-up artist
Management consultant
Manager
Manicurist
Manicure
Manufacturer
Marine
Marketer
Market gardener
Martial artist
Mason
Massage therapist
Masseuse
Master of Ceremony
Matador
Materials engineer
Materials scientist
Mathematician
Matron
Mechanic
Mechanical engineer
Mechanician
Mediator
Medic
Medical biller
Medical Technologist
Medical Transcriptionist
Mesmerist
Messenger
Meteorologist
Microbiologist
Midwife
Milkman
Milkmaid
Miner
Model
Modeller
Molecatcher
Moldmaker
Mouldmaker
Moneychanger
Moneylender
Mortgage banker
Mortgage broker
Mortician
Mountain rescuer
Mountaineer
Muralist
Music Director
Musician
Nanny
Navigator
Necromancer
Needler
Négociant
Negotiator
Netmaker
Newscaster
Ninja
Notary
Novelist
Nuclear Engineer
Numerologist
Numismatist
Nutritional Therapist
Nun
Nurse
Nursemaid
Oboist
Obstetrician
Occupational therapist
Odontologist
Office Assistant
Oncologist
Ontologist
Operator
Ophthalmologist
Optician
Optometrist
Oracle
Ordinary Seaman
Organist
Organizer
Ornithologist
Orthodontist
Orthopaedist
Ostler
Otorhinolaryngologist
Painter
Paleontologist
Paralegal
Paramedic
Parker
Park ranger
Party-leader
Pastor
Patent attorney
Patent examiner
Pathologist
Pawnbroker
Peddler
Pediatrician
Pediatrist
Pedologist
Percussionist
Perfumer
Personal Trainer
Pharmacist
Philanthropist
Philologist
Philosopher
Photographer
Physical Therapist
Physician
Physician Assistant
Physicist
Physiognomist
Physiologist
Physiotherapist
Pianist
Piano tuner
Pickler
Pickpocket
Pilot
Pimp
Pinner
Pirate
Plasterer
Plastic surgeon
Playwright
Plumber
Poet
Police officer
Police inspector
Political operative
Politician
Political scientist
Premier
Presenter
Press officer
Principal
Printer
Private detective
Proctologist
Procurator
Proctor
Professor
Professional
athlete
Professional dominant
Professional
gambler
Professional
Wrestler
Progamer
Programmer
Project Manager
Proofreader
Prostitute
Psychiatrist
Psychic
Psychodramatist
Psychologist
Public Relations Officer
Officer
Public speaker
Publisher
Rabbi
Race driver
Radiologist
Radiographer
Rat catcher
Reader
Real estate agent
Real estate broker
Real estate investor
Real estate developer
Receptionist
Record Producer
Recording engineer
Rector
Redsmith
Reeve
Referee
Refuse collector
Registrar
Remedial teacher
Reporter
Researcher
Respiratory Therapist
Restaurateur
Retailer
Rigger
Ropemaker
Roper
Rower
Sailmaker
Sailor
Salesperson
Salesman
Saleswoman
Salter
Samurai
Sapper
Sarariman
Saucier
Saxophonist
Sawyer
Scabbardmaker
Scholar
School Principal
School superintendent
Scientist
Scout
Screenwriter
Scribe
Scrivener
Sculptor
Seamstress
Second Mate
Secret Service Agent
Secretary
Secretary general
Service Advisor
Servant
Sexologist
Sexton
Sex worker
Sheepshearer
Shepherd
Shaman
Sheriff
Sheriff officer
Shoemaker
Showman
Shrimper
Singer
Sleuth
Smelter
Smith
Snake charmer
Sniper
Social worker
Sociologists
Software architect
Software engineer
Software project manager
Soil scientist
Soldier
Solicitor
Sommelier
Special agent
Specialist
Speech therapist
Spurrier
Spurrer
Spy
Stage designer
Statistician
Steward 
Stewardess
Stock broker
Store Manager
Street artist
Street musician
Street vendor
Stringer
Stripper
Structural engineers
Student
Stuffer
Stunt coordinator
Stunt double
Stunt performer
Surgeon
Surveyor
Swimmer
Switchboard operator
System administrator
Systems designer
Systems analyst
Tailor
Tallowchandler
Tanner
Tapicer
Tapestrymaker
Tapester
Tax Collector
Taxidermist
Taxi-driver
Taxonomist
Tea lady
Teacher
Technician
Technologist
Telegraphist
Telegraph operator
Telemarketer
Telephone operator
Tennis player
Test developer
Test pilot
Thatcher
Thaumaturgist
Theatre director
Theologian
Therapist
Thimbler
Third Mate
Thresher
Tiler
Tinker
Tinsmith
Toolmaker
Torturer
Trademark attorney
Trader
Tradesman
Trainer
Transit planner
Translator
Trapper
Treasurer
Troubadour
Truck Driver
Tumbler
Tuner
Turner
Tutor
Tyler
Urban planner
Undertaker
Ufologist
Urologist
Upholder
Upholsterer
Usher
Valet
Verger
Veterinarian
Vibraphonist
Vicar
Video editor
Video game developer
Vintner
Violinist
Waiter
Waitress
Warder
Weaponsmith
Weatherman
Weaver
Webmaster
Web developer
Web designer
Welder
Wet nurse
Woodcarver
Wood cutter
Wrangler
Winemaker
Writer
Xylophonist
X-ray technician
Yodeler
Youth worker
Zoologist
Zookeeper
