Afghanistan
Albania
Algeria
American Samoa
Andorra
Angola
Anguilla
Antarctic Lands
Antarctica
Antigua
Antigua and Barbuda
Argentina
Armenia
Aruba
Ashmore Islands
Ashmore and Cartier Islands
Australia
Austria
Azerbaijan
Bahamas
Bahrain
Baker Island
Bangladesh
Barbados
Barbuda
Bassas da India
Belarus
Belgium
Belize
Benin
Bermuda
Bhutan
Bolivia
Borneo
Bosnia
Bosnia Herzegovina
Bosnia and Herzegovina
Botswana
Bouvet Island
Brazil
Britain
British Indian Ocean Territory
British Virgin Islands
Brunei
Bulgaria
Burkina Faso
Burma
Burundi
Caicos Islands
Cambodia
Cameroon
Canada
Cape Verde
Cartier Islands
Cayman Islands
Central African Republic
Chad
Chile
China
Christmas Island
Clipperton
Clipperton Island
Cocos
Colombia
Comoros
Congo
Democratic Republic of the Congo
Republic of the Congo
Cook Islands
Coral Sea Islands
Costa Rica
Cote D 'Ivoire
Cote d 'Ivoire
Croatia
Cuba
Cyprus
Czech Republic
Czechoslovakia
Democratic Republic of the Congo
Denmark
Djibouti
Dominica
Dominican Republic
East Timor
Ecuador
Egypt
El Salvador
England
Equatorial Guinea
Eritrea
Estonia
Ethiopia
Europa Island
European Union
Falkland Islands
Faroe Islands
Federated States of Micronesia
Fiji
Finland
Former Yugoslav Republic of Macedonia
France
French Guiana
French Polynesia
French Southern
French Southern and Antarctic Lands
FRG
Gabon
Gambia
Georgia
Germany
Ghana
Gibraltar
Glorioso
Glorioso Islands
Greece
Greenland
Grenadan
Guadeloupe
Guam
Guatemala
Guernsey
Guinea
Guinea-Bissau
Guyana
Haiti
Heard Island
Heard Island and McDonald Islands
Herzegovina
Holland
Holy See
Honduras
Hong Kong
Howland Island
Hungary
Iceland
India
Indonesia
Iran
Iraq
Ireland
Islas Malvinas
Isle of Man
Israel
Italy
Ivory Coast
Jamaica
Jan Mayen
Japan
Jarvis Island
Jersey
Johnston Atoll
Jordan
Juan de Nova Island
Kazakhstan
Keeling Islands
Kenya
Kingman Reef
Kiribati
Korea
Kuwait
Kyrgyzstan
Laos
Latvia
Lebanon
Lesotho
Liberia
Libya
Liechtenstein
Lithuania
Luxembourg
Macau
Macedonia
Madagascar
Malawi
Malaysia
Maldives
Mali
Malta
Man , Isle of
Marshall Islands
Martinique
Mauritania
Mauritius
Mayotte
McDonald Islands
Mexico
Micronesia
Midway Islands
Moldova
Monaco
Mongolia
Montenegro
Montserrat
Morocco
Mozambique
Myanmar
Namibia
Nauru
Navassa Island
Nepal
Netherlands
Netherlands Antilles
Nevis
New Caledonia
New Guinea
New Zealand
Nicaragua
Niger
Nigeria
Niue
Norfolk Island
North Korea
North Vietnam
Northern Mariana Islands
Norway
Oman
PRC
Pakistan
Palau
Palestine
Palmyra Atoll
Panama
Papua
Papua New Guinea
Paracel Islands
Paraguay
People Republic of China
Persia
Peru
Philippines
Pitcairn Islands
Poland
Portugal
Puerto Rico
Qatar
Republic of the Congo
Republic of Chile
Reunion
Romania
Russia
Rwanda
Saint Helena
Saint Kitts
Saint Kitts and Nevis
Saint Lucia
Saint Pierre and Miquelon
Saint Vincent and the Grenadines
Samoa
San Marino
Sao Tome and Principe
Saudi Arabia
Senegal
Serbia
Serbia and Montenegro
Seychelles
Sierra Leone
Singapore
Slovakia
Slovenia
Solomon Islands
Somalia
South Africa
South Georgia
South Georgia and the South Sandwich Islands
South Korea
South Sandwich Isklands
South Sandwich Islands
South Vietnam
Soviet
soviet
Soviet Union
Spain
Spratly Islands
Sri Lanka
Sudan
Suriname
Svalbard
Swaziland
Sweden
Switzerland
Syria
Taiwan
Tajikistan
Tanzania
Thailand
Tibet
Tobago
Togo
Tokelau
Tonga
Trinidad
Trinidad and Tobago
Tromelin Island
Tunisia
Turkey
Turkmenistan
Turks
Turks and Caicos Islands
Tuvalu
U.K.
U.S.
U.k.
UK
US
USA
U.S.A.
USSR
Uganda
Ukraine
United Arab Emirates
United Kingdom
United States
United States of America
Uruguay
Uzbekistan
Vanuatu
Vatican City
Vatican
Venezuela
Vietnam
Virgin Islands
Wake Island
Wallis and Futuna
Western Sahara
Yemen
Yugoslav Republic of Macedonia
Yugoslavia
Zaire
Zambia
Zimbabwe
Wales
Afghanistan.
Albania.
Algeria.
American Samoa.
Andorra.
Angola.
Anguilla.
Antarctic Lands.
Antarctica.
Antigua.
Antigua and Barbuda.
Argentina.
Armenia.
Aruba.
Ashmore Islands.
Ashmore and Cartier Islands.
Australia.
Austria.
Azerbaijan.
Bahamas.
Bahrain.
Baker Island.
Bangladesh.
Barbados.
Barbuda.
Bassas da India.
Belarus.
Belgium.
Belize.
Benin.
Bermuda.
Bhutan.
Bolivia.
Borneo.
Bosnia.
Bosnia Herzegovina.
Bosnia and Herzegovina.
Botswana.
Bouvet Island.
Brazil.
Britain.
British Indian Ocean Territory.
British Virgin Islands.
Brunei.
Bulgaria.
Burkina Faso.
Burma.
Burundi.
Caicos Islands.
Cambodia.
Cameroon.
Canada.
Cape Verde.
Cartier Islands.
Cayman Islands.
Central African Republic.
Chad.
Chile.
China.
Christmas Island.
Clipperton.
Clipperton Island.
Cocos.
Colombia.
Comoros.
Congo.
Democratic Republic of the Congo.
Republic of the Congo.
Cook Islands.
Coral Sea Islands.
Costa Rica.
Cote D 'Ivoire.
Cote d 'Ivoire.
Croatia.
Cuba.
Cyprus.
Czech Republic.
Czechoslovakia.
Democratic Republic of the Congo.
Denmark.
Djibouti.
Dominica.
Dominican Republic.
East Timor.
Ecuador.
Egypt.
El Salvador.
England.
Equatorial Guinea.
Eritrea.
Estonia.
Ethiopia.
Europa Island.
European Union.
Falkland Islands.
Faroe Islands.
Federated States of Micronesia.
Fiji.
Finland.
Former Yugoslav Republic of Macedonia.
France.
French Guiana.
French Polynesia.
French Southern.
French Southern and Antarctic Lands.
FRG.
Gabon.
Gambia.
Georgia.
Germany.
Ghana.
Gibraltar.
Glorioso.
Glorioso Islands.
Greece.
Greenland.
Grenadan.
Guadeloupe.
Guam.
Guatemala.
Guernsey.
Guinea.
Guinea-Bissau.
Guyana.
Haiti.
Heard Island.
Heard Island and McDonald Islands.
Herzegovina.
Holland.
Holy See.
Honduras.
Hong Kong.
Howland Island.
Hungary.
Iceland.
India.
Indonesia.
Iran.
Iraq.
Ireland.
Islas Malvinas.
Isle of Man.
Israel.
Italy.
Ivory Coast.
Jamaica.
Jan Mayen.
Japan.
Jarvis Island.
Jersey.
Johnston Atoll.
Jordan.
Juan de Nova Island.
Kazakhstan.
Keeling Islands.
Kenya.
Kingman Reef.
Kiribati.
Korea.
Kuwait.
Kyrgyzstan.
Laos.
Latvia.
Lebanon.
Lesotho.
Liberia.
Libya.
Liechtenstein.
Lithuania.
Luxembourg.
Macau.
Macedonia.
Madagascar.
Malawi.
Malaysia.
Maldives.
Mali.
Malta.
Man , Isle of.
Marshall Islands.
Martinique.
Mauritania.
Mauritius.
Mayotte.
McDonald Islands.
Mexico.
Micronesia.
Midway Islands.
Moldova.
Monaco.
Mongolia.
Montenegro.
Montserrat.
Morocco.
Mozambique.
Myanmar.
Namibia.
Nauru.
Navassa Island.
Nepal.
Netherlands.
Netherlands Antilles.
Nevis.
New Caledonia.
New Guinea.
New Zealand.
Nicaragua.
Niger.
Nigeria.
Niue.
Norfolk Island.
North Korea.
North Vietnam.
Northern Mariana Islands.
Norway.
Oman.
PRC.
Pakistan.
Palau.
Palestine.
Palmyra Atoll.
Panama.
Papua.
Papua New Guinea.
Paracel Islands.
Paraguay.
People Republic of China.
Persia.
Peru.
Philippines.
Pitcairn Islands.
Poland.
Portugal.
Puerto Rico.
Qatar.
Republic of the Congo.
Republic of Chile.
Reunion.
Romania.
Russia.
Rwanda.
Saint Helena.
Saint Kitts.
Saint Kitts and Nevis.
Saint Lucia.
Saint Pierre and Miquelon.
Saint Vincent and the Grenadines.
Samoa.
San Marino.
Sao Tome and Principe.
Saudi Arabia.
Senegal.
Serbia.
Serbia and Montenegro.
Seychelles.
Sierra Leone.
Singapore.
Slovakia.
Slovenia.
Solomon Islands.
Somalia.
South Africa.
South Georgia.
South Georgia and the South Sandwich Islands.
South Korea.
South Sandwich Isklands.
South Sandwich Islands.
South Vietnam.
Soviet.
soviet.
Soviet Union.
Spain.
Spratly Islands.
Sri Lanka.
Sudan.
Suriname.
Svalbard.
Swaziland.
Sweden.
Switzerland.
Syria.
Taiwan.
Tajikistan.
Tanzania.
Thailand.
Tibet.
Tobago.
Togo.
Tokelau.
Tonga.
Trinidad.
Trinidad and Tobago.
Tromelin Island.
Tunisia.
Turkey.
Turkmenistan.
Turks.
Turks and Caicos Islands.
Tuvalu.
U.K..
U.S..
U.k..
UK.
US.
USA.
U.S.A..
USSR.
Uganda.
Ukraine.
United Arab Emirates.
United Kingdom.
United States.
United States of America.
Uruguay.
Uzbekistan.
Vanuatu.
Vatican City.
Vatican.
Venezuela.
Vietnam.
Virgin Islands.
Wake Island.
Wallis and Futuna.
Western Sahara.
Yemen.
Yugoslav Republic of Macedonia.
Yugoslavia.
Zaire.
Zambia.
Zimbabwe.
Wales.
